I'm sorry, but errors were detected in your script. Please correct the
errors listed below, and try again.


File "game/script.rpy", line 24: Line is indented, but the preceding define statement statement does not expect a block. Please check this line's indentation. You may have forgotten a colon (:).
    python:
    ^

Ren'Py Version: Ren'Py 8.2.3.24061702
Sun Dec  8 21:34:01 2024
